4
2
0
0
0
0
0
1
1
0
0
500
500
0
500
24402
25595
47648
1904
1273
49484
49484
8
24662
49484
49484
24682
8
25315
25307
389
3
384
209
384
209
384
193
3
3
11
953
16
22
23
944
955
965
489
487
333
628
335
316
331
14
317
13
331
627
485
9
957
19
484
484
481
7
481
484
8
8
102
106
206
103
205
194
206
106
418
419
428
429
433
790
1
417
2
419
8
6
8
8
567
7
6
301
18
567
65
2
67
127
127
5
5
127
65
65
6
8
52
438
435
435
233
211
9
9
238
123
122
9
8
11
8
126
126
121
0
99993
40916
9088
99993
0
99993
40916
9088
4
1
99995
40875
9088
99990
1
99995
40875
9088
5
