Triangle #1
The largest triangle area is 9.

Triangle #2
The largest triangle area is 4.

