Absolutni hodnota pohodlnosti je 90 bodu.
Absolutni hodnota pohodlnosti je 10 bodu.
Absolutni hodnota pohodlnosti je 55 bodu.
Absolutni hodnota pohodlnosti je 55 bodu.
Absolutni hodnota pohodlnosti je 1 bodu.
Absolutni hodnota pohodlnosti je 2 bodu.
Absolutni hodnota pohodlnosti je 550 bodu.
Absolutni hodnota pohodlnosti je 38 bodu.
Absolutni hodnota pohodlnosti je 352 bodu.

Absolutni hodnota pohodlnosti je 1 bodu.

Absolutni hodnota pohodlnosti je 12 bodu.
Absolutni hodnota pohodlnosti je 6 bodu.
Absolutni hodnota pohodlnosti je 2 bodu.
Absolutni hodnota pohodlnosti je 10 bodu.

Absolutni hodnota pohodlnosti je 10 bodu.
Absolutni hodnota pohodlnosti je 14 bodu.
Absolutni hodnota pohodlnosti je 7 bodu.
Absolutni hodnota pohodlnosti je 16 bodu.
Absolutni hodnota pohodlnosti je 20 bodu.
