Absolutni hodnota pohodlnosti je 15 bodu.
Absolutni hodnota pohodlnosti je 3 bodu.
Absolutni hodnota pohodlnosti je 9 bodu.

Absolutni hodnota pohodlnosti je 5 bodu.
Absolutni hodnota pohodlnosti je 1 bodu.
Absolutni hodnota pohodlnosti je 9 bodu.
