Absolutni hodnota pohodlnosti je 210 bodu.
Absolutni hodnota pohodlnosti je 50 bodu.
Absolutni hodnota pohodlnosti je 45 bodu.
