Absolutni hodnota pohodlnosti je 9 bodu.
Absolutni hodnota pohodlnosti je 15 bodu.
Absolutni hodnota pohodlnosti je 2 bodu.

Absolutni hodnota pohodlnosti je 45 bodu.
Absolutni hodnota pohodlnosti je 24 bodu.
Absolutni hodnota pohodlnosti je 18 bodu.

Absolutni hodnota pohodlnosti je 1596 bodu.
Absolutni hodnota pohodlnosti je 252 bodu.

Absolutni hodnota pohodlnosti je 10 bodu.
Absolutni hodnota pohodlnosti je 4 bodu.
Absolutni hodnota pohodlnosti je 7 bodu.
