Absolutni hodnota pohodlnosti je 0 bodu.
Absolutni hodnota pohodlnosti je -1 bodu.
