1 usecek ma delku 5.00.
2 usecek ma delku 1.41.
5 usecek ma delku 9498.30.
