1 usecek ma delku 5.00.
2 usecek ma delku 1.41.
1 usecek ma delku 10.30.
1 usecek ma delku 8.83.
1 usecek ma delku 8.21.
1 usecek ma delku 12.24.
100 usecek ma delku 3.74.
