#define quadtree_width 16
#define quadtree_height 16
static char quadtree_bits() = {
0xf0,0xf0,
0xf0,0xf0,
0xf0,0xf0,
0xf0,0xf0,
0x0f,0x0f,
0x0f,0x0f,
0x0f,0x0f,
0x0f,0x0f,
0xf0,0xf0,
0xf0,0xf0,
0xf0,0xf0,
0xf0,0xf0,
0x0f,0x0f,
0x0f,0x0f,
0x0f,0x0f,
0x0f,0x0f,
};
