7 tenders must be exchanged.
The payment is impossible.
The payment is impossible.
The payment is impossible.
The payment is impossible.
The payment is impossible.
The payment is impossible.
The payment is impossible.
5 tenders must be exchanged.
3 tenders must be exchanged.
12 tenders must be exchanged.
11 tenders must be exchanged.
6 tenders must be exchanged.
11 tenders must be exchanged.
10 tenders must be exchanged.
11 tenders must be exchanged.
6 tenders must be exchanged.
12 tenders must be exchanged.
6 tenders must be exchanged.
9 tenders must be exchanged.
8 tenders must be exchanged.
