7 tenders must be exchanged.
The payment is impossible.
