Je treba 0 presunu.
Je treba 1 presunu.
Je treba 3 presunu.
Je treba 170 presunu.
Je treba 7 presunu.
Je treba 6 presunu.
