8000
1
8000
172
161
41
141
89
151
101
170
107
52
122
89
147
73
151
145
92
169
172
22
114
38
113
111
122
176
169
98
119
66
26
96
126
66
100000
